[ +579 ms] Unable to locate an Android SDK.
[  +12 ms] Artifact Instance of 'MaterialFonts' is not required, skipping update.
[        ] Artifact Instance of 'GradleWrapper' is not required, skipping update.
[        ] Artifact Instance of 'AndroidGenSnapshotArtifacts' is not required, skipping update.
[        ] Artifact Instance of 'AndroidInternalBuildArtifacts' is not required, skipping update.
[        ] Artifact Instance of 'IOSEngineArtifacts' is not required, skipping update.
[        ] Artifact Instance of 'FlutterWebSdk' is not required, skipping update.
[   +1 ms] Artifact Instance of 'LegacyCanvasKitRemover' is not required, skipping update.
[        ] Artifact Instance of 'FlutterSdk' is not required, skipping update.
[        ] Artifact Instance of 'WindowsEngineArtifacts' is not required, skipping update.
[        ] Artifact Instance of 'MacOSEngineArtifacts' is not required, skipping update.
[        ] Artifact Instance of 'LinuxEngineArtifacts' is not required, skipping update.
[        ] Artifact Instance of 'LinuxFuchsiaSDKArtifacts' is not required, skipping update.
[        ] Artifact Instance of 'MacOSFuchsiaSDKArtifacts' is not required, skipping update.
[        ] Artifact Instance of 'FlutterRunnerSDKArtifacts' is not required, skipping update.
[        ] Artifact Instance of 'FlutterRunnerDebugSymbols' is not required, skipping update.
[        ] Artifact Instance of 'IosUsbArtifacts' is not required, skipping update.
[        ] Artifact Instance of 'IosUsbArtifacts' is not required, skipping update.
[        ] Artifact Instance of 'IosUsbArtifacts' is not required, skipping update.
[        ] Artifact Instance of 'IosUsbArtifacts' is not required, skipping update.
[        ] Artifact Instance of 'IosUsbArtifacts' is not required, skipping update.
[        ] Artifact Instance of 'IosUsbArtifacts' is not required, skipping update.
[        ] Artifact Instance of 'FontSubsetArtifacts' is not required, skipping update.
[        ] Artifact Instance of 'PubDependencies' is not required, skipping update.
[   +1 ms] executing: [C:\Users\91936\flutter/] git -c log.showSignature=false log HEAD -n 1 --pretty=format:%ad --date=iso
[  +82 ms] Exit code 0 from: git -c log.showSignature=false log HEAD -n 1 --pretty=format:%ad --date=iso
[        ] 2026-03-03 16:03:22 -0800
[  +42 ms] Artifact Instance of 'AndroidGenSnapshotArtifacts' is not required, skipping update.
[        ] Artifact Instance of 'AndroidInternalBuildArtifacts' is not required, skipping update.
[        ] Artifact Instance of 'IOSEngineArtifacts' is not required, skipping update.
[        ] Artifact Instance of 'FlutterWebSdk' is not required, skipping update.
[        ] Artifact Instance of 'FlutterEngineStamp' is not required, skipping update.
[        ] Artifact Instance of 'LegacyCanvasKitRemover' is not required, skipping update.
[   +3 ms] Artifact Instance of 'WindowsEngineArtifacts' is not required, skipping update.
[        ] Artifact Instance of 'MacOSEngineArtifacts' is not required, skipping update.
[        ] Artifact Instance of 'LinuxEngineArtifacts' is not required, skipping update.
[        ] Artifact Instance of 'LinuxFuchsiaSDKArtifacts' is not required, skipping update.
[        ] Artifact Instance of 'MacOSFuchsiaSDKArtifacts' is not required, skipping update.
[        ] Artifact Instance of 'FlutterRunnerSDKArtifacts' is not required, skipping update.
[        ] Artifact Instance of 'FlutterRunnerDebugSymbols' is not required, skipping update.
[ +150 ms] Artifact Instance of 'AndroidGenSnapshotArtifacts' is not required, skipping update.
[        ] Artifact Instance of 'AndroidInternalBuildArtifacts' is not required, skipping update.
[        ] Artifact Instance of 'IOSEngineArtifacts' is not required, skipping update.
[        ] Artifact Instance of 'FlutterEngineStamp' is not required, skipping update.
[   +3 ms] Artifact Instance of 'WindowsEngineArtifacts' is not required, skipping update.
[        ] Artifact Instance of 'MacOSEngineArtifacts' is not required, skipping update.
[        ] Artifact Instance of 'LinuxEngineArtifacts' is not required, skipping update.
[        ] Artifact Instance of 'LinuxFuchsiaSDKArtifacts' is not required, skipping update.
[        ] Artifact Instance of 'MacOSFuchsiaSDKArtifacts' is not required, skipping update.
[        ] Artifact Instance of 'FlutterRunnerSDKArtifacts' is not required, skipping update.
[        ] Artifact Instance of 'FlutterRunnerDebugSymbols' is not required, skipping update.
[  +54 ms] Skipping pub get: version match.
[ +102 ms] Found plugin image_picker at C:\Users\91936\AppData\Local\Pub\Cache\hosted\pub.dev\image_picker-1.2.0\
[   +7 ms] Found plugin image_picker_windows at C:\Users\91936\AppData\Local\Pub\Cache\hosted\pub.dev\image_picker_windows-0.2.2\
[   +8 ms] Found plugin file_selector_windows at C:\Users\91936\AppData\Local\Pub\Cache\hosted\pub.dev\file_selector_windows-0.9.3+4\
[   +4 ms] Found plugin image_picker_macos at C:\Users\91936\AppData\Local\Pub\Cache\hosted\pub.dev\image_picker_macos-0.2.2\
[   +2 ms] Found plugin file_selector_macos at C:\Users\91936\AppData\Local\Pub\Cache\hosted\pub.dev\file_selector_macos-0.9.4+3\
[   +2 ms] Found plugin image_picker_linux at C:\Users\91936\AppData\Local\Pub\Cache\hosted\pub.dev\image_picker_linux-0.2.2\
[   +2 ms] Found plugin file_selector_linux at C:\Users\91936\AppData\Local\Pub\Cache\hosted\pub.dev\file_selector_linux-0.9.3+2\
[   +2 ms] Found plugin image_picker_ios at C:\Users\91936\AppData\Local\Pub\Cache\hosted\pub.dev\image_picker_ios-0.8.13\
[   +3 ms] Found plugin image_picker_for_web at C:\Users\91936\AppData\Local\Pub\Cache\hosted\pub.dev\image_picker_for_web-3.1.0\
[   +5 ms] Found plugin image_picker_android at C:\Users\91936\AppData\Local\Pub\Cache\hosted\pub.dev\image_picker_android-0.8.13\
[   +2 ms] Found plugin flutter_plugin_android_lifecycle at C:\Users\91936\AppData\Local\Pub\Cache\hosted\pub.dev\flutter_plugin_android_lifecycle-2.0.29\
[   +5 ms] Found plugin path_provider at C:\Users\91936\AppData\Local\Pub\Cache\hosted\pub.dev\path_provider-2.1.5\
[   +2 ms] Found plugin path_provider_windows at C:\Users\91936\AppData\Local\Pub\Cache\hosted\pub.dev\path_provider_windows-2.3.0\
[   +9 ms] Found plugin path_provider_linux at C:\Users\91936\AppData\Local\Pub\Cache\hosted\pub.dev\path_provider_linux-2.2.1\
[   +3 ms] Found plugin path_provider_foundation at C:\Users\91936\AppData\Local\Pub\Cache\hosted\pub.dev\path_provider_foundation-2.4.1\
[   +2 ms] Found plugin path_provider_android at C:\Users\91936\AppData\Local\Pub\Cache\hosted\pub.dev\path_provider_android-2.2.17\
[  +97 ms] Found plugin image_picker at C:\Users\91936\AppData\Local\Pub\Cache\hosted\pub.dev\image_picker-1.2.0\
[   +2 ms] Found plugin image_picker_windows at C:\Users\91936\AppData\Local\Pub\Cache\hosted\pub.dev\image_picker_windows-0.2.2\
[   +5 ms] Found plugin file_selector_windows at C:\Users\91936\AppData\Local\Pub\Cache\hosted\pub.dev\file_selector_windows-0.9.3+4\
[   +3 ms] Found plugin image_picker_macos at C:\Users\91936\AppData\Local\Pub\Cache\hosted\pub.dev\image_picker_macos-0.2.2\
[   +2 ms] Found plugin file_selector_macos at C:\Users\91936\AppData\Local\Pub\Cache\hosted\pub.dev\file_selector_macos-0.9.4+3\
[   +2 ms] Found plugin image_picker_linux at C:\Users\91936\AppData\Local\Pub\Cache\hosted\pub.dev\image_picker_linux-0.2.2\
[   +2 ms] Found plugin file_selector_linux at C:\Users\91936\AppData\Local\Pub\Cache\hosted\pub.dev\file_selector_linux-0.9.3+2\
[   +2 ms] Found plugin image_picker_ios at C:\Users\91936\AppData\Local\Pub\Cache\hosted\pub.dev\image_picker_ios-0.8.13\
[   +1 ms] Found plugin image_picker_for_web at C:\Users\91936\AppData\Local\Pub\Cache\hosted\pub.dev\image_picker_for_web-3.1.0\
[   +4 ms] Found plugin image_picker_android at C:\Users\91936\AppData\Local\Pub\Cache\hosted\pub.dev\image_picker_android-0.8.13\
[   +2 ms] Found plugin flutter_plugin_android_lifecycle at C:\Users\91936\AppData\Local\Pub\Cache\hosted\pub.dev\flutter_plugin_android_lifecycle-2.0.29\
[   +4 ms] Found plugin path_provider at C:\Users\91936\AppData\Local\Pub\Cache\hosted\pub.dev\path_provider-2.1.5\
[   +1 ms] Found plugin path_provider_windows at C:\Users\91936\AppData\Local\Pub\Cache\hosted\pub.dev\path_provider_windows-2.3.0\
[   +3 ms] Found plugin path_provider_linux at C:\Users\91936\AppData\Local\Pub\Cache\hosted\pub.dev\path_provider_linux-2.2.1\
[   +3 ms] Found plugin path_provider_foundation at C:\Users\91936\AppData\Local\Pub\Cache\hosted\pub.dev\path_provider_foundation-2.4.1\
[   +1 ms] Found plugin path_provider_android at C:\Users\91936\AppData\Local\Pub\Cache\hosted\pub.dev\path_provider_android-2.2.17\
[  +24 ms] Skipping generating web_plugin_registrant.dart because it is up-to-date.
[  +49 ms] Found plugin image_picker at C:\Users\91936\AppData\Local\Pub\Cache\hosted\pub.dev\image_picker-1.2.0\
[   +2 ms] Found plugin image_picker_windows at C:\Users\91936\AppData\Local\Pub\Cache\hosted\pub.dev\image_picker_windows-0.2.2\
[   +5 ms] Found plugin file_selector_windows at C:\Users\91936\AppData\Local\Pub\Cache\hosted\pub.dev\file_selector_windows-0.9.3+4\
[   +2 ms] Found plugin image_picker_macos at C:\Users\91936\AppData\Local\Pub\Cache\hosted\pub.dev\image_picker_macos-0.2.2\
[   +1 ms] Found plugin file_selector_macos at C:\Users\91936\AppData\Local\Pub\Cache\hosted\pub.dev\file_selector_macos-0.9.4+3\
[   +1 ms] Found plugin image_picker_linux at C:\Users\91936\AppData\Local\Pub\Cache\hosted\pub.dev\image_picker_linux-0.2.2\
[   +1 ms] Found plugin file_selector_linux at C:\Users\91936\AppData\Local\Pub\Cache\hosted\pub.dev\file_selector_linux-0.9.3+2\
[   +2 ms] Found plugin image_picker_ios at C:\Users\91936\AppData\Local\Pub\Cache\hosted\pub.dev\image_picker_ios-0.8.13\
[   +1 ms] Found plugin image_picker_for_web at C:\Users\91936\AppData\Local\Pub\Cache\hosted\pub.dev\image_picker_for_web-3.1.0\
[   +4 ms] Found plugin image_picker_android at C:\Users\91936\AppData\Local\Pub\Cache\hosted\pub.dev\image_picker_android-0.8.13\
[   +1 ms] Found plugin flutter_plugin_android_lifecycle at C:\Users\91936\AppData\Local\Pub\Cache\hosted\pub.dev\flutter_plugin_android_lifecycle-2.0.29\
[   +3 ms] Found plugin path_provider at C:\Users\91936\AppData\Local\Pub\Cache\hosted\pub.dev\path_provider-2.1.5\
[   +1 ms] Found plugin path_provider_windows at C:\Users\91936\AppData\Local\Pub\Cache\hosted\pub.dev\path_provider_windows-2.3.0\
[   +4 ms] Found plugin path_provider_linux at C:\Users\91936\AppData\Local\Pub\Cache\hosted\pub.dev\path_provider_linux-2.2.1\
[   +2 ms] Found plugin path_provider_foundation at C:\Users\91936\AppData\Local\Pub\Cache\hosted\pub.dev\path_provider_foundation-2.4.1\
[   +1 ms] Found plugin path_provider_android at C:\Users\91936\AppData\Local\Pub\Cache\hosted\pub.dev\path_provider_android-2.2.17\
[  +13 ms] Generating C:\Users\91936\Downloads\drive-download-20260311T150616Z-1-001\android\app\src\main\java\io\flutter\plugins\GeneratedPluginRegistrant.java
[   +1 ms] Skipping generating GeneratedPluginRegistrant.java because it is up-to-date.
[   +6 ms] Skipping generating generated_plugin_registrant.h because it is up-to-date.
[   +1 ms] Skipping generating generated_plugin_registrant.cc because it is up-to-date.
[   +1 ms] Skipping generating generated_plugins.cmake because it is up-to-date.
[   +2 ms] Skipping generating generated_plugin_registrant.h because it is up-to-date.
[   +1 ms] Skipping generating generated_plugin_registrant.cc because it is up-to-date.
[   +1 ms] Skipping generating generated_plugins.cmake because it is up-to-date.
[   +2 ms] Skipping generating GeneratedPluginRegistrant.h because it is up-to-date.
[   +1 ms] Skipping generating GeneratedPluginRegistrant.m because it is up-to-date.
[   +1 ms] Skipping generating GeneratedPluginRegistrant.swift because it is up-to-date.
[ +141 ms] Launching lib\main.dart on Chrome in debug mode...
[ +136 ms] Initializing file store
[   +1 ms] Done initializing file store
[  +13 ms] Skipping target: gen_localizations
[   +2 ms] Skipping target: gen_dart_plugin_registrant
[   +1 ms] Skipping target: _composite
[   +1 ms] complete
[   +1 ms] Updating assets
[   +1 ms] runHooks() with {TargetFile: C:\Users\91936\Downloads\drive-download-20260311T150616Z-1-001\lib\main.dart, BuildMode: debug} and TargetPlatform.web_javascript
[        ] runHooks() - will perform dart build
[   +1 ms] Initializing file store
[        ] Done initializing file store
[  +12 ms] Skipping target: dart_build
[        ] Persisting file store
[   +2 ms] Done persisting file store
[   +4 ms] runHooks() - done
[ +169 ms] Waiting for connection from debug service on Chrome...
[  +62 ms] Found plugin image_picker at C:\Users\91936\AppData\Local\Pub\Cache\hosted\pub.dev\image_picker-1.2.0\
[   +1 ms] Found plugin image_picker_windows at C:\Users\91936\AppData\Local\Pub\Cache\hosted\pub.dev\image_picker_windows-0.2.2\
[   +7 ms] Found plugin file_selector_windows at C:\Users\91936\AppData\Local\Pub\Cache\hosted\pub.dev\file_selector_windows-0.9.3+4\
[   +3 ms] Found plugin image_picker_macos at C:\Users\91936\AppData\Local\Pub\Cache\hosted\pub.dev\image_picker_macos-0.2.2\
[   +2 ms] Found plugin file_selector_macos at C:\Users\91936\AppData\Local\Pub\Cache\hosted\pub.dev\file_selector_macos-0.9.4+3\
[   +1 ms] Found plugin image_picker_linux at C:\Users\91936\AppData\Local\Pub\Cache\hosted\pub.dev\image_picker_linux-0.2.2\
[   +1 ms] Found plugin file_selector_linux at C:\Users\91936\AppData\Local\Pub\Cache\hosted\pub.dev\file_selector_linux-0.9.3+2\
[   +1 ms] Found plugin image_picker_ios at C:\Users\91936\AppData\Local\Pub\Cache\hosted\pub.dev\image_picker_ios-0.8.13\
[   +1 ms] Found plugin image_picker_for_web at C:\Users\91936\AppData\Local\Pub\Cache\hosted\pub.dev\image_picker_for_web-3.1.0\
[   +9 ms] Found plugin image_picker_android at C:\Users\91936\AppData\Local\Pub\Cache\hosted\pub.dev\image_picker_android-0.8.13\
[   +1 ms] Found plugin flutter_plugin_android_lifecycle at C:\Users\91936\AppData\Local\Pub\Cache\hosted\pub.dev\flutter_plugin_android_lifecycle-2.0.29\
[   +3 ms] Found plugin path_provider at C:\Users\91936\AppData\Local\Pub\Cache\hosted\pub.dev\path_provider-2.1.5\
[   +1 ms] Found plugin path_provider_windows at C:\Users\91936\AppData\Local\Pub\Cache\hosted\pub.dev\path_provider_windows-2.3.0\
[   +4 ms] Found plugin path_provider_linux at C:\Users\91936\AppData\Local\Pub\Cache\hosted\pub.dev\path_provider_linux-2.2.1\
[   +7 ms] Found plugin path_provider_foundation at C:\Users\91936\AppData\Local\Pub\Cache\hosted\pub.dev\path_provider_foundation-2.4.1\
[   +1 ms] Found plugin path_provider_android at C:\Users\91936\AppData\Local\Pub\Cache\hosted\pub.dev\path_provider_android-2.2.17\
[  +37 ms] shaderc command: [C:\Users\91936\flutter\bin\cache\artifacts\engine\windows-x64\impellerc.exe, --sksl, --iplr, --json, --sl=build\flutter_assets\packages/mesh_gradient/shaders/animated_mesh_gradient.frag, --spirv=build\flutter_assets\packages/mesh_gradient/shaders/animated_mesh_gradient.frag.spirv, --input=C:\Users\91936\AppData\Local\Pub\Cache\hosted\pub.dev\mesh_gradient-1.3.8\lib\shaders\animated_mesh_gradient.frag, --input-type=frag, --include=C:\Users\91936\AppData\Local\Pub\Cache\hosted\pub.dev\mesh_gradient-1.3.8\lib\shaders, --include=C:\Users\91936\flutter\bin\cache\artifacts\engine\windows-x64\shader_lib]
[   +1 ms] shaderc command: [C:\Users\91936\flutter\bin\cache\artifacts\engine\windows-x64\impellerc.exe, --sksl, --iplr, --json, --sl=build\flutter_assets\packages/mesh_gradient/shaders/point_mesh_gradient.frag, --spirv=build\flutter_assets\packages/mesh_gradient/shaders/point_mesh_gradient.frag.spirv, --input=C:\Users\91936\AppData\Local\Pub\Cache\hosted\pub.dev\mesh_gradient-1.3.8\lib\shaders\point_mesh_gradient.frag, --input-type=frag, --include=C:\Users\91936\AppData\Local\Pub\Cache\hosted\pub.dev\mesh_gradient-1.3.8\lib\shaders, --include=C:\Users\91936\flutter\bin\cache\artifacts\engine\windows-x64\shader_lib]
[  +12 ms] shaderc command: [C:\Users\91936\flutter\bin\cache\artifacts\engine\windows-x64\impellerc.exe, --sksl, --iplr, --json, --sl=build\flutter_assets\shaders/ink_sparkle.frag, --spirv=build\flutter_assets\shaders/ink_sparkle.frag.spirv, --input=C:\Users\91936\flutter\packages\flutter\lib\src\material\shaders\ink_sparkle.frag, --input-type=frag, --include=C:\Users\91936\flutter\packages\flutter\lib\src\material\shaders, --include=C:\Users\91936\flutter\bin\cache\artifacts\engine\windows-x64\shader_lib]
[   +1 ms] shaderc command: [C:\Users\91936\flutter\bin\cache\artifacts\engine\windows-x64\impellerc.exe, --sksl, --iplr, --json, --sl=build\flutter_assets\shaders/stretch_effect.frag, --spirv=build\flutter_assets\shaders/stretch_effect.frag.spirv, --input=C:\Users\91936\flutter\packages\flutter\lib\src\material\shaders\stretch_effect.frag, --input-type=frag, --include=C:\Users\91936\flutter\packages\flutter\lib\src\material\shaders, --include=C:\Users\91936\flutter\bin\cache\artifacts\engine\windows-x64\shader_lib]
[ +509 ms] <- reset
[   +4 ms] C:\Users\91936\flutter\bin\cache\dart-sdk\bin\dartaotruntime.exe C:\Users\91936\flutter\bin\cache\dart-sdk\bin\snapshots\frontend_server_aot.dart.snapshot --sdk-root C:\Users\91936\flutter\bin\cache\flutter_web_sdk/ --incremental --target=dartdevc --experimental-emit-debug-metadata -DFLUTTER_VERSION=3.41.4 -DFLUTTER_CHANNEL=stable -DFLUTTER_GIT_URL=https://github.com/flutter/flutter.git -DFLUTTER_FRAMEWORK_REVISION=ff37bef603 -DFLUTTER_ENGINE_REVISION=e4b8dca3f1 -DFLUTTER_DART_VERSION=3.11.1 --output-dill C:\Users\91936\AppData\Local\Temp\flutter_tools.eba7ca64\flutter_tool.7fd3b321\app.dill --packages C:\Users\91936\Downloads\drive-download-20260311T150616Z-1-001\.dart_tool\package_config.json -Ddart.vm.profile=false -Ddart.vm.product=false --enable-asserts --track-widget-creation --filesystem-root C:\Users\91936\AppData\Local\Temp\flutter_tools.eba7ca64\flutter_tools.cc3520b7 --filesystem-scheme org-dartlang-app --initialize-from-dill build\8730b13ca0249799964d0a71255a8f3b.cache.dill.track.dill --platform file:///C:/Users/91936/flutter/bin/cache/flutter_web_sdk/kernel/ddc_outline.dill --verbosity=error --dartdevc-canary --dartdevc-module-format=ddc
[  +12 ms] <- compile org-dartlang-app:/web_entrypoint.dart
[+28445 ms] Waiting for connection from debug service on Chrome... (completed in 39.9s)
[        ] Synced 0.0MB.
[   +1 ms] "flutter run" took 41,094ms.
[   +1 ms] Running 3 shutdown hooks
[  +22 ms] Shutdown hooks complete
[ +231 ms] exiting with code 1
